// Jest Snapshot v1, https://goo.gl/fbAQLP

exports[`fields/BooleanField inputRender should render correct input field 1`] = `<input type="checkbox">`;

exports[`fields/BooleanField inputRender should render correct input field 2`] = `<input type="checkbox">`;

exports[`fields/BooleanField inputRender should render disabled input field 1`] = `<input type="checkbox" disabled="">`;

exports[`fields/BooleanField inputRender should render readonly input field 1`] = `<input type="checkbox">`;
