// Jest Snapshot v1, https://goo.gl/fbAQLP

exports[`fields/IntegerField inputRender should render correct input field 1`] = `<input type="number">`;

exports[`fields/IntegerField inputRender should render correct input field 2`] = `<input type="number">`;

exports[`fields/IntegerField inputRender should render disabled input field 1`] = `<input type="number" disabled="">`;

exports[`fields/IntegerField inputRender should render readonly input field 1`] = `<input type="number" readonly="">`;
