// Jest Snapshot v1, https://goo.gl/fbAQLP

exports[`components/FieldLabel should render correctly with field 1`] = `<span>Name</span>`;

exports[`components/FieldLabel should render correctly with model and fieldName 1`] = `<span>Name</span>`;

exports[`components/FieldLabel should render correctly with other tag 1`] = `<div>Description</div>`;

exports[`components/FieldLabel should render correctly with scoped slot 1`] = `
<div>
  <p>Description</p>
</div>
`;
